2026-08-25 08:31:36 | INFO | P05 | === RUN START ===
2026-08-25 08:31:36 | INFO | P05 | project=P05 - PYTHON AND SQL
2026-08-25 08:31:36 | INFO | P05 | repo_dir=datafun-05-sql
2026-08-25 08:31:36 | INFO | P05 | python=3.14.7
2026-08-25 08:31:36 | INFO | P05 | os=Windows 11
2026-08-25 08:31:36 | INFO | P05 | shell=powershell
2026-08-25 08:31:36 | INFO | P05 | cwd=.
2026-08-25 08:31:36 | INFO | P05 | github_actions=False
2026-08-25 08:31:36 | INFO | P05 | ===================================
2026-08-25 08:31:36 | INFO | P05 | START main()
2026-08-25 08:31:36 | INFO | P05 | ===================================
2026-08-25 08:31:36 | INFO | P05 | -------------------------------
2026-08-25 08:31:36 | INFO | P05 | 01. LOAD the related tables.
2026-08-25 08:31:36 | INFO | P05 | -------------------------------
2026-08-25 08:31:36 | INFO | P05 | regions file = data\retail\region.csv
2026-08-25 08:31:36 | INFO | P05 | stores file = data\retail\store.csv
2026-08-25 08:31:36 | INFO | P05 | employees file = data\retail\employee.csv
2026-08-25 08:31:36 | INFO | P05 | Related tables loaded successfully.
2026-08-25 08:31:36 | INFO | P05 | -------------------------------
2026-08-25 08:31:36 | INFO | P05 | 02. INSPECT the grain and keys.
2026-08-25 08:31:36 | INFO | P05 | -------------------------------
2026-08-25 08:31:36 | INFO | P05 | Regions grain: one business region
2026-08-25 08:31:36 | INFO | P05 | Stores grain: one store
2026-08-25 08:31:36 | INFO | P05 | Employees grain: one employee
2026-08-25 08:31:36 | INFO | P05 | Regions columns: ['region_id', 'region_name']
2026-08-25 08:31:36 | INFO | P05 | Stores columns: ['store_id', 'store_name', 'region_id', 'store_type', 'square_feet']
2026-08-25 08:31:36 | INFO | P05 | Employees columns: ['employee_id', 'employee_name', 'store_id', 'role', 'years_employed']
2026-08-25 08:31:36 | INFO | P05 | 
The data is stored in three related tables.

One region can have many stores.
The stores table uses region_id to identify each store's region.

One store can have many employees.
The employees table uses store_id to identify each employee's store.

The shared keys connect information stored in different tables.

2026-08-25 08:31:36 | INFO | P05 | -------------------------------
2026-08-25 08:31:36 | INFO | P05 | 03. CREATE a SQLite database.
2026-08-25 08:31:36 | INFO | P05 | -------------------------------
2026-08-25 08:31:36 | INFO | P05 | SQLite database = data\retail\business.sqlite
2026-08-25 08:31:36 | INFO | P05 | SQLite database connection created.
2026-08-25 08:31:36 | INFO | P05 | -------------------------------
2026-08-25 08:31:36 | INFO | P05 | 04. LOAD the tables into SQLite.
2026-08-25 08:31:36 | INFO | P05 | -------------------------------
2026-08-25 08:31:36 | INFO | P05 | Related tables loaded into SQLite.
2026-08-25 08:31:36 | INFO | P05 | -------------------------------
2026-08-25 08:31:36 | INFO | P05 | 05. QUERY across related tables with SQL.
2026-08-25 08:31:36 | INFO | P05 | -------------------------------
2026-08-25 08:31:36 | INFO | P05 | 
I want to compare the number of employees working at each store.
The result should have one row per store.

The information I need requires all three tables:
 - region name is in regions,
 - store name is in stores,
 - employee info is in employees.

2026-08-25 08:31:36 | INFO | P05 | 
SQL query:

SELECT
    r.region_name,
    s.store_name,
    COUNT(e.employee_id) AS employee_count
FROM regions AS r
JOIN stores AS s
    ON r.region_id = s.region_id
LEFT JOIN employees AS e
    ON s.store_id = e.store_id
GROUP BY
    r.region_name,
    s.store_name
ORDER BY
    employee_count DESC;

2026-08-25 08:31:36 | INFO | P05 | 
Query result:
   region_name        store_name  employee_count
0         West     Coastal Plaza              18
1        South  Peachtree Center              17
2         East      Maple Square              15
3        South   Sunrise Commons              14
4      Central    Prairie Center              13
5         West     Canyon Center              13
6        North         Northgate              12
7         East      Harbor Point              11
8      Central  Lakeside Commons              10
9        South   Magnolia Market              10
10       North       Cedar Plaza               9
11     Central      River Market               8
12        West    Desert Springs               7
13        East     Pine Crossing               6
14       South    Bayou Crossing               5
2026-08-25 08:31:36 | INFO | P05 | -------------------------------
2026-08-25 08:31:36 | INFO | P05 | 06. VISUALIZE the query result with Python.
2026-08-25 08:31:36 | INFO | P05 | -------------------------------
2026-08-25 08:31:36 | INFO | P05 | 
The query result has one numeric value
(employee count) for each store.

A bar chart works for comparing
a numeric value across named categories.
Every pandas df has a
plot.box() method for creating box plots.

2026-08-25 08:31:36 | INFO | P05 | Chart saved successfully at docs\images\first-chart.png.
2026-08-25 08:31:36 | INFO | P05 | -------------------------------
2026-08-25 08:31:36 | INFO | P05 | 07. SUMMARIZE what you found.
2026-08-25 08:31:36 | INFO | P05 | -------------------------------
2026-08-25 08:31:36 | INFO | P05 | CUSTOM OBSERVATIONS:
    The SQL query connected information from
    the regions, stores, and employees tables.

    The result has one row per store.

    I observed ...

    Based on this result, I would next like to explore ...
    
2026-08-25 08:31:36 | INFO | P05 | -------------------------------
2026-08-25 08:31:36 | INFO | P05 | 08. DISPLAY the visualization.
2026-08-25 08:31:36 | INFO | P05 | -------------------------------
2026-08-25 08:31:36 | INFO | P05 | In a script, call plt.show() at the end to display all charts.
2026-08-25 08:31:36 | INFO | P05 | Close all chart windows (with the close button) to continue.
2026-08-25 08:31:36 | INFO | P05 | ===================================
2026-08-25 08:31:36 | INFO | P05 | END main() - Executed successfully!
2026-08-25 08:31:36 | INFO | P05 | ===================================
2026-09-24 12:42:56 | INFO | P05 | === RUN START ===
2026-09-24 12:42:56 | INFO | P05 | project=P05 - PYTHON AND SQL
2026-09-24 12:42:56 | INFO | P05 | repo_dir=datafun-05-sql
2026-09-24 12:42:56 | INFO | P05 | python=3.14.7
2026-09-24 12:42:56 | INFO | P05 | os=Darwin 25.6.0
2026-09-24 12:42:56 | INFO | P05 | shell=zsh
2026-09-24 12:42:56 | INFO | P05 | cwd=.
2026-09-24 12:42:56 | INFO | P05 | github_actions=False
2026-09-24 12:42:56 | INFO | P05 | ===================================
2026-09-24 12:42:56 | INFO | P05 | START main()
2026-09-24 12:42:56 | INFO | P05 | ===================================
2026-09-24 12:42:56 | INFO | P05 | -------------------------------
2026-09-24 12:42:56 | INFO | P05 | 01. LOAD the related tables.
2026-09-24 12:42:56 | INFO | P05 | -------------------------------
2026-09-24 12:42:56 | INFO | P05 | regions file = data/retail/region.csv
2026-09-24 12:42:56 | INFO | P05 | stores file = data/retail/store.csv
2026-09-24 12:42:56 | INFO | P05 | employees file = data/retail/employee.csv
2026-09-24 12:42:56 | INFO | P05 | Related tables loaded successfully.
2026-09-24 12:42:56 | INFO | P05 | -------------------------------
2026-09-24 12:42:56 | INFO | P05 | 02. INSPECT the grain and keys.
2026-09-24 12:42:56 | INFO | P05 | -------------------------------
2026-09-24 12:42:56 | INFO | P05 | Regions grain: one business region
2026-09-24 12:42:56 | INFO | P05 | Stores grain: one store
2026-09-24 12:42:56 | INFO | P05 | Employees grain: one employee
2026-09-24 12:42:56 | INFO | P05 | Regions columns: ['region_id', 'region_name']
2026-09-24 12:42:56 | INFO | P05 | Stores columns: ['store_id', 'store_name', 'region_id', 'store_type', 'square_feet']
2026-09-24 12:42:56 | INFO | P05 | Employees columns: ['employee_id', 'employee_name', 'store_id', 'role', 'years_employed']
2026-09-24 12:42:56 | INFO | P05 | 
The data is stored in three related tables.

One region can have many stores.
The stores table uses region_id to identify each store's region.

One store can have many employees.
The employees table uses store_id to identify each employee's store.

The shared keys connect information stored in different tables.

2026-09-24 12:42:56 | INFO | P05 | -------------------------------
2026-09-24 12:42:56 | INFO | P05 | 03. CREATE a SQLite database.
2026-09-24 12:42:56 | INFO | P05 | -------------------------------
2026-09-24 12:42:56 | INFO | P05 | SQLite database = data/retail/business.sqlite
2026-09-24 12:42:56 | INFO | P05 | SQLite database connection created.
2026-09-24 12:42:56 | INFO | P05 | -------------------------------
2026-09-24 12:42:56 | INFO | P05 | 04. LOAD the tables into SQLite.
2026-09-24 12:42:56 | INFO | P05 | -------------------------------
2026-09-24 12:42:56 | INFO | P05 | Related tables loaded into SQLite.
2026-09-24 12:42:56 | INFO | P05 | -------------------------------
2026-09-24 12:42:56 | INFO | P05 | 05. QUERY across related tables with SQL.
2026-09-24 12:42:56 | INFO | P05 | -------------------------------
2026-09-24 12:42:56 | INFO | P05 | 
I want to compare the number of employees working at each store.
The result should have one row per store.

The information I need requires all three tables:
 - region name is in regions,
 - store name is in stores,
 - employee info is in employees.

2026-09-24 12:42:56 | INFO | P05 | 
SQL query:

SELECT
    r.region_name,
    s.store_name,
    COUNT(e.employee_id) AS employee_count
FROM regions AS r
JOIN stores AS s
    ON r.region_id = s.region_id
LEFT JOIN employees AS e
    ON s.store_id = e.store_id
GROUP BY
    r.region_name,
    s.store_name
ORDER BY
    employee_count DESC;

2026-09-24 12:42:56 | INFO | P05 | 
Query result:
   region_name        store_name  employee_count
0         West     Coastal Plaza              18
1        South  Peachtree Center              17
2         East      Maple Square              15
3        South   Sunrise Commons              14
4      Central    Prairie Center              13
5         West     Canyon Center              13
6        North         Northgate              12
7         East      Harbor Point              11
8      Central  Lakeside Commons              10
9        South   Magnolia Market              10
10       North       Cedar Plaza               9
11     Central      River Market               8
12        West    Desert Springs               7
13        East     Pine Crossing               6
14       South    Bayou Crossing               5
2026-09-24 12:42:56 | INFO | P05 | -------------------------------
2026-09-24 12:42:56 | INFO | P05 | 06. VISUALIZE the query result with Python.
2026-09-24 12:42:56 | INFO | P05 | -------------------------------
2026-09-24 12:42:56 | INFO | P05 | 
The query result has one numeric value
(employee count) for each store.

A bar chart works for comparing
a numeric value across named categories.
Every pandas df has a
plot.box() method for creating box plots.

2026-09-24 12:42:57 | INFO | P05 | Chart saved successfully at docs/images/first-chart.png.
2026-09-24 12:42:57 | INFO | P05 | -------------------------------
2026-09-24 12:42:57 | INFO | P05 | 07. SUMMARIZE what you found.
2026-09-24 12:42:57 | INFO | P05 | -------------------------------
2026-09-24 12:42:57 | INFO | P05 | CUSTOM OBSERVATIONS:
    The SQL query connected information from
    the regions, stores, and employees tables.

    The result has one row per store.

    I observed ...

    Based on this result, I would next like to explore ...
    
2026-09-24 12:42:57 | INFO | P05 | -------------------------------
2026-09-24 12:42:57 | INFO | P05 | 08. DISPLAY the visualization.
2026-09-24 12:42:57 | INFO | P05 | -------------------------------
2026-09-24 12:42:57 | INFO | P05 | In a script, call plt.show() at the end to display all charts.
2026-09-24 12:42:57 | INFO | P05 | Close all chart windows (with the close button) to continue.
2026-09-24 12:43:53 | INFO | P05 | ===================================
2026-09-24 12:43:53 | INFO | P05 | END main() - Executed successfully!
2026-09-24 12:43:53 | INFO | P05 | ===================================
2026-09-25 18:11:33 | INFO | P05 | Books grain: one book
2026-09-25 18:11:33 | INFO | P05 | Reviews grain: one review
2026-09-25 18:11:33 | INFO | P05 | Books columns: ['book_id', 'title', 'branch_id', 'genre', 'pages']
2026-09-25 18:11:33 | INFO | P05 | Reviews columns: ['review_id', 'book_id', 'rating', 'review_text']
2026-09-25 18:11:33 | INFO | P05 | 
The data is stored in two related tables.

One book can have many reviews.
The reviews table uses book_id to identify the book being reviewed.

The shared book_id key connects the books and reviews tables.

2026-09-25 18:11:33 | INFO | P05 | books file = data/library/book.csv
2026-09-25 18:11:33 | INFO | P05 | reviews file = data/library/review.csv
2026-09-25 18:11:33 | INFO | P05 | SQLite database connection created.
2026-09-25 18:11:33 | INFO | P05 | -------------------------------
2026-09-25 18:11:33 | INFO | P05 | 04. LOAD the tables into SQLite.
2026-09-25 18:11:33 | INFO | P05 | -------------------------------
2026-09-25 18:11:33 | INFO | P05 | Related tables loaded into SQLite.
2026-09-25 18:11:33 | INFO | P05 | -------------------------------
2026-09-25 18:11:33 | INFO | P05 | 05. QUERY across related tables with SQL.
2026-09-25 18:11:33 | INFO | P05 | -------------------------------
2026-09-25 18:11:33 | INFO | P05 | 
I want to compare the average review rating for each book genre.

The result should have one row per genre.

The information I need requires two tables:
- genre is in the books table,
- rating is in the reviews table.

The tables are connected using book_id.

2026-09-25 18:11:33 | INFO | P05 | 
SQL query:

SELECT
    b.genre,
    ROUND(AVG(r.rating), 2) AS average_rating,
    COUNT(r.review_id) AS review_count
FROM books AS b
JOIN reviews AS r
    ON b.book_id = r.book_id
GROUP BY
    b.genre
ORDER BY
    average_rating DESC;

2026-09-25 18:11:33 | INFO | P05 | 
Query result:
        genre  average_rating  review_count
0     Mystery            3.62            34
1   Biography            3.57            21
2  Technology            3.50            30
3     History            3.34            29
4     Science            3.31            36
5     Fiction            3.14            36
2026-09-25 18:11:33 | INFO | P05 | -------------------------------
2026-09-25 18:11:33 | INFO | P05 | 06. VISUALIZE the query result with Python.
2026-09-25 18:11:33 | INFO | P05 | -------------------------------
2026-09-25 18:11:33 | INFO | P05 | 
The query result has one average rating value for each book genre.

A bar chart works well for comparing
average ratings across named genres.

2026-09-25 18:11:33 | INFO | P05 | Chart saved successfully at docs/images/first-chart.png.
2026-09-25 18:11:33 | INFO | P05 | -------------------------------
2026-09-25 18:11:33 | INFO | P05 | 07. SUMMARIZE what you found.
2026-09-25 18:11:33 | INFO | P05 | -------------------------------
2026-09-25 18:11:33 | INFO | P05 | CUSTOM OBSERVATIONS:
    The SQL query connected information from
    the books and reviews tables.

    The result has one row per genre.

    I observed ...

    Based on this result, I would next like to explore ...
    
2026-09-25 18:11:33 | INFO | P05 | === RUN START ===
2026-09-25 18:11:33 | INFO | P05 | project=P05 - PYTHON AND SQL
2026-09-25 18:11:33 | INFO | P05 | repo_dir=datafun-05-sql
2026-09-25 18:11:33 | INFO | P05 | python=3.14.7
2026-09-25 18:11:33 | INFO | P05 | os=Darwin 25.6.0
2026-09-25 18:11:33 | INFO | P05 | shell=zsh
2026-09-25 18:11:33 | INFO | P05 | cwd=.
2026-09-25 18:11:33 | INFO | P05 | github_actions=False
2026-09-25 18:11:33 | INFO | P05 | ===================================
2026-09-25 18:11:33 | INFO | P05 | START main()
2026-09-25 18:11:33 | INFO | P05 | ===================================
2026-09-25 18:11:33 | INFO | P05 | -------------------------------
2026-09-25 18:11:33 | INFO | P05 | 01. LOAD the related tables.
2026-09-25 18:11:33 | INFO | P05 | -------------------------------
2026-09-25 19:41:45 | INFO | P05 | Books grain: one book
2026-09-25 19:41:45 | INFO | P05 | Reviews grain: one review
2026-09-25 19:41:45 | INFO | P05 | Books columns: ['book_id', 'title', 'branch_id', 'genre', 'pages']
2026-09-25 19:41:45 | INFO | P05 | Reviews columns: ['review_id', 'book_id', 'rating', 'review_text']
2026-09-25 19:41:45 | INFO | P05 | 
The data is stored in two related tables.

One book can have many reviews.
The reviews table uses book_id to identify the book being reviewed.

The shared book_id key connects the books and reviews tables.

2026-09-25 19:41:45 | INFO | P05 | books file = data/library/book.csv
2026-09-25 19:41:45 | INFO | P05 | reviews file = data/library/review.csv
2026-09-25 19:41:45 | INFO | P05 | SQLite database connection created.
2026-09-25 19:41:45 | INFO | P05 | -------------------------------
2026-09-25 19:41:45 | INFO | P05 | 04. LOAD the tables into SQLite.
2026-09-25 19:41:45 | INFO | P05 | -------------------------------
2026-09-25 19:41:45 | INFO | P05 | Related tables loaded into SQLite.
2026-09-25 19:41:45 | INFO | P05 | -------------------------------
2026-09-25 19:41:45 | INFO | P05 | 05. QUERY across related tables with SQL.
2026-09-25 19:41:45 | INFO | P05 | -------------------------------
2026-09-25 19:41:45 | INFO | P05 | 
I want to compare the average review rating for each book genre.

The result should have one row per genre.

The information I need requires two tables:
- genre is in the books table,
- rating is in the reviews table.

The tables are connected using book_id.

2026-09-25 19:41:45 | INFO | P05 | 
SQL query:

SELECT
    b.genre,
    ROUND(AVG(r.rating), 2) AS average_rating,
    COUNT(r.review_id) AS review_count
FROM books AS b
JOIN reviews AS r
    ON b.book_id = r.book_id
GROUP BY
    b.genre
ORDER BY
    average_rating DESC;

2026-09-25 19:41:45 | INFO | P05 | 
Query result:
        genre  average_rating  review_count
0     Mystery            3.62            34
1   Biography            3.57            21
2  Technology            3.50            30
3     History            3.34            29
4     Science            3.31            36
5     Fiction            3.14            36
2026-09-25 19:41:45 | INFO | P05 | -------------------------------
2026-09-25 19:41:45 | INFO | P05 | 06. VISUALIZE the query result with Python.
2026-09-25 19:41:45 | INFO | P05 | -------------------------------
2026-09-25 19:41:45 | INFO | P05 | 
The query result has one average rating value for each book genre.

A bar chart works well for comparing
average ratings across named genres.

2026-09-25 19:41:45 | INFO | P05 | Chart saved successfully at docs/images/first-chart.png.
2026-09-25 19:41:45 | INFO | P05 | -------------------------------
2026-09-25 19:41:45 | INFO | P05 | 07. SUMMARIZE what you found.
2026-09-25 19:41:45 | INFO | P05 | -------------------------------
2026-09-25 19:41:45 | INFO | P05 | CUSTOM OBSERVATIONS:
    The SQL query connected information from
    the books and reviews tables.

    The result has one row per genre.

I observed that Mystery had the highest average review rating at 3.62,
while Fiction had the lowest average rating at 3.14.
The average ratings were fairly close across all six genres.

Based on this result, I would next like to explore whether the number
of reviews or the length of the books has any relationship with the ratings.

2026-09-25 19:41:45 | INFO | P05 | ================================
2026-09-25 19:41:45 | INFO | P05 | 08. DISPLAY the visualization.
2026-09-25 19:41:45 | INFO | P05 | ================================
2026-09-25 19:48:51 | INFO | P05 | ================================
2026-09-25 19:48:51 | INFO | P05 | END main() - Executed successfully!
2026-09-25 19:48:51 | INFO | P05 | ================================
2026-09-25 19:48:51 | INFO | P05 | === RUN START ===
2026-09-25 19:48:51 | INFO | P05 | project=P05 - PYTHON AND SQL
2026-09-25 19:48:51 | INFO | P05 | repo_dir=datafun-05-sql
2026-09-25 19:48:51 | INFO | P05 | python=3.14.7
2026-09-25 19:48:51 | INFO | P05 | os=Darwin 25.6.0
2026-09-25 19:48:51 | INFO | P05 | shell=zsh
2026-09-25 19:48:51 | INFO | P05 | cwd=.
2026-09-25 19:48:51 | INFO | P05 | github_actions=False
2026-09-25 19:48:51 | INFO | P05 | ===================================
2026-09-25 19:48:51 | INFO | P05 | START main()
2026-09-25 19:48:51 | INFO | P05 | ===================================
2026-09-25 19:48:51 | INFO | P05 | -------------------------------
2026-09-25 19:48:51 | INFO | P05 | 01. LOAD the related tables.
2026-09-25 19:48:51 | INFO | P05 | -------------------------------
2026-09-25 19:53:46 | INFO | P05 | Books grain: one book
2026-09-25 19:53:46 | INFO | P05 | Reviews grain: one review
2026-09-25 19:53:46 | INFO | P05 | Books columns: ['book_id', 'title', 'branch_id', 'genre', 'pages']
2026-09-25 19:53:46 | INFO | P05 | Reviews columns: ['review_id', 'book_id', 'rating', 'review_text']
2026-09-25 19:53:46 | INFO | P05 | 
The data is stored in two related tables.

One book can have many reviews.
The reviews table uses book_id to identify the book being reviewed.

The shared book_id key connects the books and reviews tables.

2026-09-25 19:53:46 | INFO | P05 | books file = data/library/book.csv
2026-09-25 19:53:46 | INFO | P05 | reviews file = data/library/review.csv
2026-09-25 19:53:46 | INFO | P05 | SQLite database connection created.
2026-09-25 19:53:46 | INFO | P05 | -------------------------------
2026-09-25 19:53:46 | INFO | P05 | 04. LOAD the tables into SQLite.
2026-09-25 19:53:46 | INFO | P05 | -------------------------------
2026-09-25 19:53:46 | INFO | P05 | Related tables loaded into SQLite.
2026-09-25 19:53:46 | INFO | P05 | -------------------------------
2026-09-25 19:53:46 | INFO | P05 | 05. QUERY across related tables with SQL.
2026-09-25 19:53:46 | INFO | P05 | -------------------------------
2026-09-25 19:53:46 | INFO | P05 | 
I want to compare the average review rating for each book genre.

The result should have one row per genre.

The information I need requires two tables:
- genre is in the books table,
- rating is in the reviews table.

The tables are connected using book_id.

2026-09-25 19:53:46 | INFO | P05 | 
SQL query:

SELECT
    b.genre,
    ROUND(AVG(r.rating), 2) AS average_rating,
    COUNT(r.review_id) AS review_count
FROM books AS b
JOIN reviews AS r
    ON b.book_id = r.book_id
GROUP BY
    b.genre
ORDER BY
    average_rating DESC;

2026-09-25 19:53:46 | INFO | P05 | 
Query result:
        genre  average_rating  review_count
0     Mystery            3.62            34
1   Biography            3.57            21
2  Technology            3.50            30
3     History            3.34            29
4     Science            3.31            36
5     Fiction            3.14            36
2026-09-25 19:53:46 | INFO | P05 | -------------------------------
2026-09-25 19:53:46 | INFO | P05 | 06. VISUALIZE the query result with Python.
2026-09-25 19:53:46 | INFO | P05 | -------------------------------
2026-09-25 19:53:46 | INFO | P05 | 
The query result has one average rating value for each book genre.

A bar chart works well for comparing
average ratings across named genres.

2026-09-25 19:53:46 | INFO | P05 | Chart saved successfully at docs/images/first-chart.png.
2026-09-25 19:53:46 | INFO | P05 | -------------------------------
2026-09-25 19:53:46 | INFO | P05 | 07. SUMMARIZE what you found.
2026-09-25 19:53:46 | INFO | P05 | -------------------------------
2026-09-25 19:53:46 | INFO | P05 | CUSTOM OBSERVATIONS:
    The SQL query connected information from
    the books and reviews tables.

    The result has one row per genre.

I observed that Mystery had the highest average review rating at 3.62,
while Fiction had the lowest average rating at 3.14.
The average ratings were fairly close across all six genres.

Based on this result, I would next like to explore whether the number
of reviews or the length of the books has any relationship with the ratings.

2026-09-25 19:53:46 | INFO | P05 | ================================
2026-09-25 19:53:46 | INFO | P05 | 08. DISPLAY the visualization.
2026-09-25 19:53:46 | INFO | P05 | ================================
2026-09-25 19:53:46 | INFO | P05 | ================================
2026-09-25 19:53:46 | INFO | P05 | END main() - Executed successfully!
2026-09-25 19:53:46 | INFO | P05 | ================================
2026-09-25 19:53:46 | INFO | P05 | === RUN START ===
2026-09-25 19:53:46 | INFO | P05 | project=P05 - PYTHON AND SQL
2026-09-25 19:53:46 | INFO | P05 | repo_dir=datafun-05-sql
2026-09-25 19:53:46 | INFO | P05 | python=3.14.7
2026-09-25 19:53:46 | INFO | P05 | os=Darwin 25.6.0
2026-09-25 19:53:46 | INFO | P05 | shell=zsh
2026-09-25 19:53:46 | INFO | P05 | cwd=.
2026-09-25 19:53:46 | INFO | P05 | github_actions=False
2026-09-25 19:53:46 | INFO | P05 | ===================================
2026-09-25 19:53:46 | INFO | P05 | START main()
2026-09-25 19:53:46 | INFO | P05 | ===================================
2026-09-25 19:53:46 | INFO | P05 | -------------------------------
2026-09-25 19:53:46 | INFO | P05 | 01. LOAD the related tables.
2026-09-25 19:53:46 | INFO | P05 | -------------------------------
